// Jest Snapshot v1, https://goo.gl/fbAQLP

exports[`testing prolife 1`] = `
Object {
  "asFragment": [Function],
  "baseElement": <body>
    <div>
      <div
        class="main"
      >
        <div
          class="navbarMenu"
        >
          <div
            class="logo"
          >
            <img
              alt="saturn"
              class="img"
              src="planet.png"
            />
            <h1>
              Space Travelers Hub
            </h1>
          </div>
          <div
            class="menu"
          >
            <ul>
              <li>
                <a
                  class=""
                  href="/rockets"
                >
                  Rockets
                </a>
              </li>
              <li>
                <a
                  class=""
                  href="/missions"
                >
                  Missions
                </a>
              </li>
              <li>
                <a
                  aria-current="page"
                  class="active"
                  href="/"
                >
                  My Profile
                </a>
              </li>
            </ul>
          </div>
        </div>
        <div
          class="container"
        >
          <div
            class="displayMission"
          >
            <h1>
               My Missions
            </h1>
            <p>
              No Missions joined 
            </p>
          </div>
          <div
            class="availableRockets"
          >
            <h1>
              My Rockets
            </h1>
            <p>
              No rockets reserved
            </p>
          </div>
        </div>
      </div>
    </div>
  </body>,
  "container": <div>
    <div
      class="main"
    >
      <div
        class="navbarMenu"
      >
        <div
          class="logo"
        >
          <img
            alt="saturn"
            class="img"
            src="planet.png"
          />
          <h1>
            Space Travelers Hub
          </h1>
        </div>
        <div
          class="menu"
        >
          <ul>
            <li>
              <a
                class=""
                href="/rockets"
              >
                Rockets
              </a>
            </li>
            <li>
              <a
                class=""
                href="/missions"
              >
                Missions
              </a>
            </li>
            <li>
              <a
                aria-current="page"
                class="active"
                href="/"
              >
                My Profile
              </a>
            </li>
          </ul>
        </div>
      </div>
      <div
        class="container"
      >
        <div
          class="displayMission"
        >
          <h1>
             My Missions
          </h1>
          <p>
            No Missions joined 
          </p>
        </div>
        <div
          class="availableRockets"
        >
          <h1>
            My Rockets
          </h1>
          <p>
            No rockets reserved
          </p>
        </div>
      </div>
    </div>
  </div>,
  "debug": [Function],
  "findAllByAltText": [Function],
  "findAllByDisplayValue": [Function],
  "findAllByLabelText": [Function],
  "findAllByPlaceholderText": [Function],
  "findAllByRole": [Function],
  "findAllByTestId": [Function],
  "findAllByText": [Function],
  "findAllByTitle": [Function],
  "findByAltText": [Function],
  "findByDisplayValue": [Function],
  "findByLabelText": [Function],
  "findByPlaceholderText": [Function],
  "findByRole": [Function],
  "findByTestId": [Function],
  "findByText": [Function],
  "findByTitle": [Function],
  "getAllByAltText": [Function],
  "getAllByDisplayValue": [Function],
  "getAllByLabelText": [Function],
  "getAllByPlaceholderText": [Function],
  "getAllByRole": [Function],
  "getAllByTestId": [Function],
  "getAllByText": [Function],
  "getAllByTitle": [Function],
  "getByAltText": [Function],
  "getByDisplayValue": [Function],
  "getByLabelText": [Function],
  "getByPlaceholderText": [Function],
  "getByRole": [Function],
  "getByTestId": [Function],
  "getByText": [Function],
  "getByTitle": [Function],
  "queryAllByAltText": [Function],
  "queryAllByDisplayValue": [Function],
  "queryAllByLabelText": [Function],
  "queryAllByPlaceholderText": [Function],
  "queryAllByRole": [Function],
  "queryAllByTestId": [Function],
  "queryAllByText": [Function],
  "queryAllByTitle": [Function],
  "queryByAltText": [Function],
  "queryByDisplayValue": [Function],
  "queryByLabelText": [Function],
  "queryByPlaceholderText": [Function],
  "queryByRole": [Function],
  "queryByTestId": [Function],
  "queryByText": [Function],
  "queryByTitle": [Function],
  "rerender": [Function],
  "unmount": [Function],
}
`;
